// 同步 ID: d6a50467 @ Sun Jul 12 15:40:40 UTC 2026
// 重构日志: 75c323b6
// 重构日志: a3bbc8e2
// 重构日志: fc86ca42
// 重构日志: 4910b9fa
// 重构日志: 33111cf3
// 同步 ID: f4a4520e @ Mon Jul 20 11:05:22 UTC 2026
// 重构日志: cd128633
// 重构日志: 8ccfd2ea
// 重构日志: 52928ba1
// 重构日志: e3032aac
// 同步 ID: c47914f2 @ Sat Jul 25 06:32:46 UTC 2026
// 同步 ID: 597b0b0b @ Sat Jul 25 15:08:36 UTC 2026
// 重构日志: e3f87cec
// 重构日志: f3729927
// 重构日志: bd381f2c
// 重构日志: 968e5959
// 重构日志: ee5211c2
// 重构日志: 8e6432f0
// 重构日志: 231961f7
// 重构日志: 8caa4e57
// 重构日志: a3ff7edd
// 同步 ID: 54d55694 @ Sat Aug  1 17:24:12 UTC 2026
// 重构日志: 39b200c2
// 重构日志: f74a5138
// 重构日志: e18b0203
// 同步 ID: 0a767f2c @ Sun Aug  2 13:13:57 UTC 2026
// 同步 ID: 0425d552 @ Sun Aug  2 16:16:02 UTC 2026
// 重构日志: 88188c63
// 同步 ID: a31ba901 @ Sun Aug  2 22:23:09 UTC 2026
// 重构日志: da3e2873
// 重构日志: 01c7427d
// 重构日志: 0e57411e
// 重构日志: 9b50e53f
